Release 13.4 - xst O.87xd (nt)
Copyright (c) 1995-2011 Xilinx, Inc.  All rights reserved.
--> Parameter TMPDIR set to xst/projnav.tmp


Total REAL time to Xst completion: 0.00 secs
Total CPU time to Xst completion: 0.16 secs
 
--> Parameter xsthdpdir set to xst


Total REAL time to Xst completion: 0.00 secs
Total CPU time to Xst completion: 0.16 secs
 
--> Reading design: superior.prj

TABLE OF CONTENTS
  1) Synthesis Options Summary
  2) HDL Compilation
  3) Design Hierarchy Analysis
  4) HDL Analysis
  5) HDL Synthesis
     5.1) HDL Synthesis Report
  6) Advanced HDL Synthesis
     6.1) Advanced HDL Synthesis Report
  7) Low Level Synthesis
  8) Partition Report
  9) Final Report
	9.1) Device utilization summary
	9.2) Partition Resource Summary
	9.3) TIMING REPORT


=========================================================================
*                      Synthesis Options Summary                        *
=========================================================================
---- Source Parameters
Input File Name                    : "superior.prj"
Input Format                       : mixed
Ignore Synthesis Constraint File   : NO

---- Target Parameters
Output File Name                   : "superior"
Output Format                      : NGC
Target Device                      : xc3s100e-4-cp132

---- Source Options
Top Module Name                    : superior
Automatic FSM Extraction           : YES
FSM Encoding Algorithm             : Auto
Safe Implementation                : No
FSM Style                          : LUT
RAM Extraction                     : Yes
RAM Style                          : Auto
ROM Extraction                     : Yes
Mux Style                          : Auto
Decoder Extraction                 : YES
Priority Encoder Extraction        : Yes
Shift Register Extraction          : YES
Logical Shifter Extraction         : YES
XOR Collapsing                     : YES
ROM Style                          : Auto
Mux Extraction                     : Yes
Resource Sharing                   : YES
Asynchronous To Synchronous        : NO
Multiplier Style                   : Auto
Automatic Register Balancing       : No

---- Target Options
Add IO Buffers                     : YES
Global Maximum Fanout              : 100000
Add Generic Clock Buffer(BUFG)     : 24
Register Duplication               : YES
Slice Packing                      : YES
Optimize Instantiated Primitives   : NO
Use Clock Enable                   : Yes
Use Synchronous Set                : Yes
Use Synchronous Reset              : Yes
Pack IO Registers into IOBs        : Auto
Equivalent register Removal        : YES

---- General Options
Optimization Goal                  : Speed
Optimization Effort                : 1
Keep Hierarchy                     : No
Netlist Hierarchy                  : As_Optimized
RTL Output                         : Yes
Global Optimization                : AllClockNets
Read Cores                         : YES
Write Timing Constraints           : NO
Cross Clock Analysis               : NO
Hierarchy Separator                : /
Bus Delimiter                      : <>
Case Specifier                     : Maintain
Slice Utilization Ratio            : 100
BRAM Utilization Ratio             : 100
Verilog 2001                       : YES
Auto BRAM Packing                  : NO
Slice Utilization Ratio Delta      : 5

=========================================================================


=========================================================================
*                          HDL Compilation                              *
=========================================================================
Compiling vhdl file "//vboxsrv/(00)codigos_vhdl_basys2/BloquesAritmeticos/contar/cuenta.vhd" in Library work.
Entity <cuenta> compiled.
Entity <cuenta> (Architecture <Behavioral>) compiled.
Compiling vhdl file "//vboxsrv/(00)codigos_vhdl_basys2/BloquesAritmeticos/contar/modulodisplay.vhd" in Library work.
Entity <ModuloDisplay> compiled.
Entity <ModuloDisplay> (Architecture <Behavioral>) compiled.
Compiling vhdl file "//vboxsrv/(00)codigos_vhdl_basys2/BloquesAritmeticos/contar/superior.vhd" in Library work.
Entity <superior> compiled.
Entity <superior> (Architecture <Behavioral>) compiled.

=========================================================================
*                     Design Hierarchy Analysis                         *
=========================================================================
Analyzing hierarchy for entity <superior> in library <work> (architecture <Behavioral>).

Analyzing hierarchy for entity <cuenta> in library <work> (architecture <Behavioral>).

Analyzing hierarchy for entity <ModuloDisplay> in library <work> (architecture <Behavioral>).


=========================================================================
*                            HDL Analysis                               *
=========================================================================
Analyzing Entity <superior> in library <work> (Architecture <Behavioral>).
Entity <superior> analyzed. Unit <superior> generated.

Analyzing Entity <cuenta> in library <work> (Architecture <Behavioral>).
Entity <cuenta> analyzed. Unit <cuenta> generated.

Analyzing Entity <ModuloDisplay> in library <work> (Architecture <Behavioral>).
Entity <ModuloDisplay> analyzed. Unit <ModuloDisplay> generated.


=========================================================================
*                           HDL Synthesis                               *
=========================================================================

Performing bidirectional port resolution...

Synthesizing Unit <cuenta>.
    Related source file is "//vboxsrv/(00)codigos_vhdl_basys2/BloquesAritmeticos/contar/cuenta.vhd".
    Found 2-bit adder for signal <cont$addsub0001> created at line 25.
    Found 3-bit adder for signal <cont$addsub0003> created at line 25.
    Found 3-bit adder for signal <cont$addsub0004> created at line 25.
    Found 3-bit adder for signal <cont$addsub0005> created at line 25.
    Found 3-bit adder carry out for signal <cont$addsub0006> created at line 25.
    Found 1-bit adder carry out for signal <cont$addsub0007> created at line 25.
    Found 2-bit adder carry out for signal <cont$addsub0008> created at line 25.
    Summary:
	inferred   7 Adder/Subtractor(s).
Unit <cuenta> synthesized.


Synthesizing Unit <ModuloDisplay>.
    Related source file is "//vboxsrv/(00)codigos_vhdl_basys2/BloquesAritmeticos/contar/modulodisplay.vhd".
    Found 7-bit tristate buffer for signal <segmento>.
    Summary:
	inferred   7 Tristate(s).
Unit <ModuloDisplay> synthesized.


Synthesizing Unit <superior>.
    Related source file is "//vboxsrv/(00)codigos_vhdl_basys2/BloquesAritmeticos/contar/superior.vhd".
Unit <superior> synthesized.


=========================================================================
HDL Synthesis Report

Macro Statistics
# Adders/Subtractors                                   : 7
 1-bit adder carry out                                 : 1
 2-bit adder                                           : 1
 2-bit adder carry out                                 : 1
 3-bit adder                                           : 3
 3-bit adder carry out                                 : 1
# Tristates                                            : 1
 7-bit tristate buffer                                 : 1

=========================================================================

=========================================================================
*                       Advanced HDL Synthesis                          *
=========================================================================


=========================================================================
Advanced HDL Synthesis Report

Macro Statistics
# Adders/Subtractors                                   : 7
 1-bit adder carry out                                 : 1
 2-bit adder                                           : 1
 2-bit adder carry out                                 : 1
 3-bit adder                                           : 3
 3-bit adder carry out                                 : 1

=========================================================================

=========================================================================
*                         Low Level Synthesis                           *
=========================================================================

Optimizing unit <superior> ...

Optimizing unit <cuenta> ...

Mapping all equations...
Building and optimizing final netlist ...
Found area constraint ratio of 100 (+ 5) on block superior, actual ratio is 1.

Final Macro Processing ...

=========================================================================
Final Register Report

Found no macro
=========================================================================

=========================================================================
*                           Partition Report                            *
=========================================================================

Partition Implementation Status
-------------------------------

  No Partitions were found in this design.

-------------------------------

=========================================================================
*                            Final Report                               *
=========================================================================
Final Results
RTL Top Level Output File Name     : superior.ngr
Top Level Output File Name         : superior
Output Format                      : NGC
Optimization Goal                  : Speed
Keep Hierarchy                     : No

Design Statistics
# IOs                              : 19

Cell Usage :
# BELS                             : 26
#      GND                         : 1
#      LUT3                        : 5
#      LUT4                        : 18
#      MUXF5                       : 1
#      VCC                         : 1
# IO Buffers                       : 19
#      IBUF                        : 8
#      OBUF                        : 4
#      OBUFT                       : 7
=========================================================================

Device utilization summary:
---------------------------

Selected Device : 3s100ecp132-4 

 Number of Slices:                       13  out of    960     1%  
 Number of 4 input LUTs:                 23  out of   1920     1%  
 Number of IOs:                          19
 Number of bonded IOBs:                  19  out of     83    22%  

---------------------------
Partition Resource Summary:
---------------------------

  No Partitions were found in this design.

---------------------------


=========================================================================
TIMING REPORT

NOTE: THESE TIMING NUMBERS ARE ONLY A SYNTHESIS ESTIMATE.
      FOR ACCURATE TIMING INFORMATION PLEASE REFER TO THE TRACE REPORT
      GENERATED AFTER PLACE-and-ROUTE.

Clock Information:
------------------
No clock signals found in this design

Asynchronous Control Signals Information:
----------------------------------------
No asynchronous control signals found in this design

Timing Summary:
---------------
Speed Grade: -4

   Minimum period: No path found
   Minimum input arrival time before clock: No path found
   Maximum output required time after clock: No path found
   Maximum combinational path delay: 13.291ns

Timing Detail:
--------------
All values displayed in nanoseconds (ns)

=========================================================================
Timing constraint: Default path analysis
  Total number of paths / destination ports: 2142 / 7
-------------------------------------------------------------------------
Delay:               13.291ns (Levels of Logic = 8)
  Source:            Fentrada<0> (PAD)
  Destination:       seg<6> (PAD)

  Data Path: Fentrada<0> to seg<6>
                                Gate     Net
    Cell:in->out      fanout   Delay   Delay  Logical Name (Net Name)
    ----------------------------------------  ------------
     IBUF:I->O             2   1.218   0.622  Fentrada_0_IBUF (Fentrada_0_IBUF)
     LUT3:I0->O            5   0.704   0.668  u0/cont_mux0002<0>1 (u0/Madd_cont_addsub0008_cy<0>)
     LUT3:I2->O            4   0.704   0.666  u0/cont_mux0004<0>1 (u0/Madd_cont_addsub0004_cy<0>)
     LUT3:I1->O            1   0.704   0.455  u0/cont_mux0005<1>1 (u0/Madd_cont_addsub0005_lut<1>)
     LUT4:I2->O            2   0.704   0.526  u0/cont_mux0006<2>1 (u0/Madd_cont_addsub0006_lut<2>)
     LUT4:I1->O            8   0.704   0.932  u0/cont_mux0007<3>1 (sg1<3>)
     LUT4:I0->O            7   0.704   0.708  u1/segmento_and00001 (u1/segmento_not0001_inv)
     OBUFT:T->O                3.272          seg_6_OBUFT (seg<6>)
    ----------------------------------------
    Total                     13.291ns (8.714ns logic, 4.577ns route)
                                       (65.6% logic, 34.4% route)

=========================================================================


Total REAL time to Xst completion: 8.00 secs
Total CPU time to Xst completion: 8.42 secs
 
--> 

Total memory usage is 212740 kilobytes

Number of errors   :    0 (   0 filtered)
Number of warnings :    0 (   0 filtered)
Number of infos    :    0 (   0 filtered)

