--------------------------------------------------------------------------------
Release 13.4 Trace  (nt)
Copyright (c) 1995-2011 Xilinx, Inc.  All rights reserved.

C:\Xilinx\13.4\ISE_DS\ISE\bin\nt\unwrapped\trce.exe -intstyle ise -v 3 -s 4 -n
3 -fastpaths -xml superior.twx superior.ncd -o superior.twr superior.pcf -ucf
pin.ucf

Design file:              superior.ncd
Physical constraint file: superior.pcf
Device,package,speed:     xc3s100e,cp132,-4 (PRODUCTION 1.27 2012-01-07)
Report level:             verbose report

Environment Variable      Effect 
--------------------      ------ 
NONE                      No environment variables were set
--------------------------------------------------------------------------------

INFO:Timing:2698 - No timing constraints found, doing default enumeration.
INFO:Timing:3412 - To improve timing, see the Timing Closure User Guide (UG612).
INFO:Timing:2752 - To get complete path coverage, use the unconstrained paths 
   option. All paths that are not constrained will be reported in the 
   unconstrained paths section(s) of the report.
INFO:Timing:3339 - The clock-to-out numbers in this timing report are based on 
   a 50 Ohm transmission line loading model.  For the details of this model, 
   and for more information on accounting for different loading conditions, 
   please see the device datasheet.
INFO:Timing:3390 - This architecture does not support a default System Jitter 
   value, please add SYSTEM_JITTER constraint to the UCF to modify the Clock 
   Uncertainty calculation.
INFO:Timing:3389 - This architecture does not support 'Discrete Jitter' and 
   'Phase Error' calculations, these terms will be zero in the Clock 
   Uncertainty calculation.  Please make appropriate modification to 
   SYSTEM_JITTER to account for the unsupported Discrete Jitter and Phase 
   Error.



Data Sheet report:
-----------------
All values displayed in nanoseconds (ns)

Pad to Pad
---------------+---------------+---------+
Source Pad     |Destination Pad|  Delay  |
---------------+---------------+---------+
Fentrada<0>    |seg<0>         |   15.811|
Fentrada<0>    |seg<1>         |   16.564|
Fentrada<0>    |seg<2>         |   16.102|
Fentrada<0>    |seg<3>         |   15.720|
Fentrada<0>    |seg<4>         |   16.031|
Fentrada<0>    |seg<5>         |   15.803|
Fentrada<0>    |seg<6>         |   15.797|
Fentrada<1>    |seg<0>         |   14.509|
Fentrada<1>    |seg<1>         |   15.262|
Fentrada<1>    |seg<2>         |   14.800|
Fentrada<1>    |seg<3>         |   14.418|
Fentrada<1>    |seg<4>         |   14.729|
Fentrada<1>    |seg<5>         |   14.501|
Fentrada<1>    |seg<6>         |   14.495|
Fentrada<2>    |seg<0>         |   14.640|
Fentrada<2>    |seg<1>         |   15.393|
Fentrada<2>    |seg<2>         |   14.931|
Fentrada<2>    |seg<3>         |   14.549|
Fentrada<2>    |seg<4>         |   14.860|
Fentrada<2>    |seg<5>         |   14.632|
Fentrada<2>    |seg<6>         |   14.626|
Fentrada<3>    |seg<0>         |   13.304|
Fentrada<3>    |seg<1>         |   14.057|
Fentrada<3>    |seg<2>         |   13.595|
Fentrada<3>    |seg<3>         |   13.213|
Fentrada<3>    |seg<4>         |   13.524|
Fentrada<3>    |seg<5>         |   13.296|
Fentrada<3>    |seg<6>         |   13.290|
Fentrada<4>    |seg<0>         |   12.977|
Fentrada<4>    |seg<1>         |   13.730|
Fentrada<4>    |seg<2>         |   13.268|
Fentrada<4>    |seg<3>         |   12.886|
Fentrada<4>    |seg<4>         |   13.197|
Fentrada<4>    |seg<5>         |   12.969|
Fentrada<4>    |seg<6>         |   12.963|
Fentrada<5>    |seg<0>         |   13.392|
Fentrada<5>    |seg<1>         |   14.145|
Fentrada<5>    |seg<2>         |   13.683|
Fentrada<5>    |seg<3>         |   13.301|
Fentrada<5>    |seg<4>         |   13.612|
Fentrada<5>    |seg<5>         |   13.384|
Fentrada<5>    |seg<6>         |   13.378|
Fentrada<6>    |seg<0>         |   11.929|
Fentrada<6>    |seg<1>         |   12.682|
Fentrada<6>    |seg<2>         |   12.220|
Fentrada<6>    |seg<3>         |   11.838|
Fentrada<6>    |seg<4>         |   12.149|
Fentrada<6>    |seg<5>         |   11.921|
Fentrada<6>    |seg<6>         |   11.915|
Fentrada<7>    |seg<0>         |   10.876|
Fentrada<7>    |seg<1>         |   11.629|
Fentrada<7>    |seg<2>         |   11.167|
Fentrada<7>    |seg<3>         |   10.785|
Fentrada<7>    |seg<4>         |   11.096|
Fentrada<7>    |seg<5>         |   10.868|
Fentrada<7>    |seg<6>         |   10.862|
---------------+---------------+---------+


Analysis completed Tue Mar 10 13:29:18 2020 
--------------------------------------------------------------------------------

Trace Settings:
-------------------------
Trace Settings 

Peak Memory Usage: 124 MB



