--------------------------------------------------------------------------------
Release 13.4 Trace  (nt)
Copyright (c) 1995-2011 Xilinx, Inc.  All rights reserved.

C:\Xilinx\13.4\ISE_DS\ISE\bin\nt\unwrapped\trce.exe -intstyle ise -v 3 -s 4 -n
3 -fastpaths -xml ModuloDisplay.twx ModuloDisplay.ncd -o ModuloDisplay.twr
ModuloDisplay.pcf -ucf pines.ucf

Design file:              ModuloDisplay.ncd
Physical constraint file: ModuloDisplay.pcf
Device,package,speed:     xc3s100e,cp132,-4 (PRODUCTION 1.27 2012-01-07)
Report level:             verbose report

Environment Variable      Effect 
--------------------      ------ 
NONE                      No environment variables were set
--------------------------------------------------------------------------------

INFO:Timing:2698 - No timing constraints found, doing default enumeration.
INFO:Timing:3412 - To improve timing, see the Timing Closure User Guide (UG612).
INFO:Timing:2752 - To get complete path coverage, use the unconstrained paths 
   option. All paths that are not constrained will be reported in the 
   unconstrained paths section(s) of the report.
INFO:Timing:3339 - The clock-to-out numbers in this timing report are based on 
   a 50 Ohm transmission line loading model.  For the details of this model, 
   and for more information on accounting for different loading conditions, 
   please see the device datasheet.
INFO:Timing:3390 - This architecture does not support a default System Jitter 
   value, please add SYSTEM_JITTER constraint to the UCF to modify the Clock 
   Uncertainty calculation.
INFO:Timing:3389 - This architecture does not support 'Discrete Jitter' and 
   'Phase Error' calculations, these terms will be zero in the Clock 
   Uncertainty calculation.  Please make appropriate modification to 
   SYSTEM_JITTER to account for the unsupported Discrete Jitter and Phase 
   Error.



Data Sheet report:
-----------------
All values displayed in nanoseconds (ns)

Pad to Pad
---------------+---------------+---------+
Source Pad     |Destination Pad|  Delay  |
---------------+---------------+---------+
DatoIn<0>      |segmento<0>    |    7.489|
DatoIn<0>      |segmento<1>    |    7.790|
DatoIn<0>      |segmento<2>    |    7.782|
DatoIn<0>      |segmento<3>    |    7.376|
DatoIn<0>      |segmento<4>    |    7.116|
DatoIn<0>      |segmento<5>    |    7.358|
DatoIn<0>      |segmento<6>    |    7.145|
DatoIn<1>      |segmento<0>    |    8.622|
DatoIn<1>      |segmento<1>    |    8.469|
DatoIn<1>      |segmento<2>    |    8.456|
DatoIn<1>      |segmento<3>    |    8.574|
DatoIn<1>      |segmento<4>    |    8.304|
DatoIn<1>      |segmento<5>    |    8.611|
DatoIn<1>      |segmento<6>    |    8.333|
DatoIn<2>      |segmento<0>    |    8.354|
DatoIn<2>      |segmento<1>    |    8.092|
DatoIn<2>      |segmento<2>    |    8.119|
DatoIn<2>      |segmento<3>    |    8.248|
DatoIn<2>      |segmento<4>    |    8.145|
DatoIn<2>      |segmento<5>    |    8.412|
DatoIn<2>      |segmento<6>    |    8.174|
DatoIn<3>      |segmento<0>    |    8.148|
DatoIn<3>      |segmento<1>    |    9.195|
DatoIn<3>      |segmento<2>    |    9.247|
DatoIn<3>      |segmento<3>    |    8.073|
DatoIn<3>      |segmento<4>    |    7.982|
DatoIn<3>      |segmento<5>    |    8.284|
DatoIn<3>      |segmento<6>    |    8.011|
---------------+---------------+---------+


Analysis completed Fri Jan 17 10:32:50 2020 
--------------------------------------------------------------------------------

Trace Settings:
-------------------------
Trace Settings 

Peak Memory Usage: 120 MB



