EN complemento NULL //vboxsrv/(00)codigos_vhdl_basys2/BloquesAritmeticos/Complementocontrolgenerate/complemento.vhd sub00/vhpl02 1580893541
AR complemento behavioral //vboxsrv/(00)codigos_vhdl_basys2/BloquesAritmeticos/Complementocontrolgenerate/complemento.vhd sub00/vhpl03 1580893542
EN icxor NULL //vboxsrv/(00)codigos_vhdl_basys2/BloquesAritmeticos/Complementocontrolgenerate/icxor.vhd sub00/vhpl00 1580893539
AR icxor behavioral //vboxsrv/(00)codigos_vhdl_basys2/BloquesAritmeticos/Complementocontrolgenerate/icxor.vhd sub00/vhpl01 1580893540
