V3 15
FL //vboxsrv/(00)codigos_vhdl_basys2/BloquesCombinacionales/Bus_datos/Bus_dato.vhd 2019/12/03.10:18:42 O.87xd
EN work/Bus_dato 1579345950 \
      FL //vboxsrv/(00)codigos_vhdl_basys2/BloquesCombinacionales/Bus_datos/Bus_dato.vhd \
      PB ieee/std_logic_1164 1325952872
AR work/Bus_dato/Behavioral 1579345951 \
      FL //vboxsrv/(00)codigos_vhdl_basys2/BloquesCombinacionales/Bus_datos/Bus_dato.vhd \
      EN work/Bus_dato 1579345950 CP Mux_dato CP Display CP Mux_anodos
FL //vboxsrv/(00)codigos_vhdl_basys2/BloquesCombinacionales/Bus_datos/Display.vhd 2019/12/03.10:06:32 O.87xd
EN work/Display 1579345946 \
      FL //vboxsrv/(00)codigos_vhdl_basys2/BloquesCombinacionales/Bus_datos/Display.vhd \
      PB ieee/std_logic_1164 1325952872
AR work/Display/Behavioral 1579345947 \
      FL //vboxsrv/(00)codigos_vhdl_basys2/BloquesCombinacionales/Bus_datos/Display.vhd \
      EN work/Display 1579345946
FL //vboxsrv/(00)codigos_vhdl_basys2/BloquesCombinacionales/Bus_datos/Mux_anodos.vhd 2019/12/03.10:04:01 O.87xd
EN work/Mux_anodos 1579345948 \
      FL //vboxsrv/(00)codigos_vhdl_basys2/BloquesCombinacionales/Bus_datos/Mux_anodos.vhd \
      PB ieee/std_logic_1164 1325952872
AR work/Mux_anodos/Behavioral 1579345949 \
      FL //vboxsrv/(00)codigos_vhdl_basys2/BloquesCombinacionales/Bus_datos/Mux_anodos.vhd \
      EN work/Mux_anodos 1579345948
FL //vboxsrv/(00)codigos_vhdl_basys2/BloquesCombinacionales/Bus_datos/Mux_dato.vhd 2019/12/03.09:58:45 O.87xd
EN work/Mux_dato 1579345944 \
      FL //vboxsrv/(00)codigos_vhdl_basys2/BloquesCombinacionales/Bus_datos/Mux_dato.vhd \
      PB ieee/std_logic_1164 1325952872
AR work/Mux_dato/Behavioral 1579345945 \
      FL //vboxsrv/(00)codigos_vhdl_basys2/BloquesCombinacionales/Bus_datos/Mux_dato.vhd \
      EN work/Mux_dato 1579345944
