EN sumamedia NULL //vboxsrv/(00)codigos_vhdl_basys2/BloquesAritmeticos/Sumasignogenerate/sumamedia.vhd sub00/vhpl00 1580832312
AR sumamedia behavioral //vboxsrv/(00)codigos_vhdl_basys2/BloquesAritmeticos/Sumasignogenerate/sumamedia.vhd sub00/vhpl01 1580832313
AR sumasigno behavioral //vboxsrv/(00)codigos_vhdl_basys2/BloquesAritmeticos/Sumasignogenerate/sumasigno.vhd sub00/vhpl03 1580832315
EN sumasigno NULL //vboxsrv/(00)codigos_vhdl_basys2/BloquesAritmeticos/Sumasignogenerate/sumasigno.vhd sub00/vhpl02 1580832314
