V3 3
FL //vboxsrv/(00)codigos_vhdl_basys2/BloquesAritmeticos/Complementocontrolgenerate_op2/complemento.vhd 2020/02/05.04:13:40 O.87xd
EN work/complemento 1583863752 \
      FL //vboxsrv/(00)codigos_vhdl_basys2/BloquesAritmeticos/Complementocontrolgenerate_op2/complemento.vhd \
      PB ieee/std_logic_1164 1325952872
AR work/complemento/Behavioral 1583863753 \
      FL //vboxsrv/(00)codigos_vhdl_basys2/BloquesAritmeticos/Complementocontrolgenerate_op2/complemento.vhd \
      EN work/complemento 1583863752
