V3 3
FL //vboxsrv/(00)codigos_vhdl_basys2/BloquesCombinacionales/camparageneric/camparageneric.vhd 2018/10/03.07:42:00 O.87xd
EN work/camparageneric 1579277560 \
      FL //vboxsrv/(00)codigos_vhdl_basys2/BloquesCombinacionales/camparageneric/camparageneric.vhd \
      PB ieee/std_logic_1164 1325952872
AR work/camparageneric/Behavioral 1579277561 \
      FL //vboxsrv/(00)codigos_vhdl_basys2/BloquesCombinacionales/camparageneric/camparageneric.vhd \
      EN work/camparageneric 1579277560
