EN cuenta NULL //vboxsrv/(00)codigos_vhdl_basys2/BloquesAritmeticos/contar/cuenta.vhd sub00/vhpl00 1583864652
EN modulodisplay NULL //vboxsrv/(00)codigos_vhdl_basys2/BloquesAritmeticos/contar/modulodisplay.vhd sub00/vhpl02 1583864654
AR cuenta behavioral //vboxsrv/(00)codigos_vhdl_basys2/BloquesAritmeticos/contar/cuenta.vhd sub00/vhpl01 1583864653
AR modulodisplay behavioral //vboxsrv/(00)codigos_vhdl_basys2/BloquesAritmeticos/contar/modulodisplay.vhd sub00/vhpl03 1583864655
EN superior NULL //vboxsrv/(00)codigos_vhdl_basys2/BloquesAritmeticos/contar/superior.vhd sub00/vhpl04 1583864656
AR superior behavioral //vboxsrv/(00)codigos_vhdl_basys2/BloquesAritmeticos/contar/superior.vhd sub00/vhpl05 1583864657
