V3 3
FL //vboxsrv/(00)codigos_vhdl_basys2/BloquesCombinacionales/MultiplexorGeneric/muxgeneric.vhd 2019/08/16.09:32:24 O.87xd
EN work/muxgeneric 1579276306 \
      FL //vboxsrv/(00)codigos_vhdl_basys2/BloquesCombinacionales/MultiplexorGeneric/muxgeneric.vhd \
      PB ieee/std_logic_1164 1325952872
AR work/muxgeneric/Behavioral 1579276307 \
      FL //vboxsrv/(00)codigos_vhdl_basys2/BloquesCombinacionales/MultiplexorGeneric/muxgeneric.vhd \
      EN work/muxgeneric 1579276306
