V3 3
FL //vboxsrv/(00)codigos_vhdl_basys2/BloquesAritmeticos/sumadorcompleto/sumamedia.vhd 2020/01/12.19:14:53 O.87xd
EN work/SumaMedia 1580828909 \
      FL //vboxsrv/(00)codigos_vhdl_basys2/BloquesAritmeticos/sumadorcompleto/sumamedia.vhd \
      PB ieee/std_logic_1164 1325952872
AR work/SumaMedia/Behavioral 1580828910 \
      FL //vboxsrv/(00)codigos_vhdl_basys2/BloquesAritmeticos/sumadorcompleto/sumamedia.vhd \
      EN work/SumaMedia 1580828909
