EN sumamedia NULL //vboxsrv/(00)codigos_vhdl_basys2/BloquesAritmeticos/Sumador4bits/SumaMedia.vhd sub00/vhpl00 1583860549
AR sumamedia behavioral //vboxsrv/(00)codigos_vhdl_basys2/BloquesAritmeticos/Sumador4bits/SumaMedia.vhd sub00/vhpl01 1583860550
EN sumaparalela NULL //vboxsrv/(00)codigos_vhdl_basys2/BloquesAritmeticos/Sumador4bits/SumaParalela.vhd sub00/vhpl02 1583860551
AR sumaparalela behavioral //vboxsrv/(00)codigos_vhdl_basys2/BloquesAritmeticos/Sumador4bits/SumaParalela.vhd sub00/vhpl03 1583860552
