EN sumadorn NULL //vboxsrv/(00)codigos_vhdl_basys2/BloquesAritmeticos/sumadorGenerate/sumadorn.vhd sub00/vhpl02 1580829519
EN sumamedia NULL //vboxsrv/(00)codigos_vhdl_basys2/BloquesAritmeticos/sumadorGenerate/sumamedia.vhd sub00/vhpl00 1580829517
AR sumamedia behavioral //vboxsrv/(00)codigos_vhdl_basys2/BloquesAritmeticos/sumadorGenerate/sumamedia.vhd sub00/vhpl01 1580829518
AR sumadorn behavioral //vboxsrv/(00)codigos_vhdl_basys2/BloquesAritmeticos/sumadorGenerate/sumadorn.vhd sub00/vhpl03 1580829520
